// Vitest Snapshot v1, https://vitest.dev/guide/snapshot.html

exports[`Page Edition Entrainement (TrainingPage) > charge et affiche l'entrainement existant 1`] = `
"<div data-v-d056a584="" class="d-flex flex-column" style="height: 100%;">
  <div data-v-d056a584="" class="bg-blue mb-1">
    <div data-v-d056a584="" class="v-text-field-stub" label="Titre de l'entrainement" hide-details="auto" clearable="">Training Test</div>
  </div>
  <div data-v-d056a584="" item-key="id" animation="200">
    <div data-v-d056a584="" class="exercice-card d-flex flex-row justify-space-between align-center">Ex 1</div>
  </div>
  <div data-v-d056a584="" class="text-center text-blue"><button data-v-d056a584="" variant="elevated" class="mt-2 mb-2"> + Ajouter un exercice </button></div>
  <div data-v-d056a584="" class="mt-auto align-self-end"><button data-v-d056a584="" variant="elevated" color="#5865f2"> Enregistrer </button></div>
</div>
<v-dialog-stub data-v-d056a584="" modelvalue="false" transition="dialog-bottom-transition" width="95%" height="90vh" rounded="" elevation="4"></v-dialog-stub>"
`;
